// Vitest Snapshot v1, https://vitest.dev/guide/snapshot.html

exports[`InfoTooltip Component > renders correctly 1`] = `
<DocumentFragment>
  <div
    class="group relative rounded ring-wolt-blue focus:ring-2"
    tabindex="0"
  >
    Tooltip
    <div
      class="absolute right-0 mt-2 w-[400px] scale-75 rounded-md bg-slate-700 p-3 px-5 pl-7 text-sm text-white opacity-0 transition group-hover:scale-100 group-hover:opacity-100 group-focus:scale-100 group-focus:opacity-100"
      data-testid="tooltip"
    >
      <p>
        Tooltip content
      </p>
    </div>
  </div>
</DocumentFragment>
`;
